Flow report for main
Sun Oct 27 21:32:15 2013
Quartus II Version 10.0 Build 218 06/27/2010 SJ Web Edition


---------------------
; Table of Contents ;
---------------------
  1. Legal Notice
  2. Flow Summary
  3. Flow Settings
  4. Flow Non-Default Global Settings
  5. Flow Elapsed Time
  6. Flow OS Summary
  7. Flow Log



----------------
; Legal Notice ;
----------------
Copyright (C) 1991-2010 Altera Corporation
Your use of Altera Corporation's design tools, logic functions 
and other software and tools, and its AMPP partner logic 
functions, and any output files from any of the foregoing 
(including device programming or simulation files), and any 
associated documentation or information are expressly subject 
to the terms and conditions of the Altera Program License 
Subscription Agreement, Altera MegaCore Function License 
Agreement, or other applicable license agreement, including, 
without limitation, that your use is for the sole purpose of 
programming logic devices manufactured by Altera and sold by 
Altera or its authorized distributors.  Please refer to the 
applicable agreement for further details.



+-------------------------------------------------------------------------------+
; Flow Summary                                                                  ;
+------------------------------------+------------------------------------------+
; Flow Status                        ; Successful - Sun Oct 27 21:32:14 2013    ;
; Quartus II Version                 ; 10.0 Build 218 06/27/2010 SJ Web Edition ;
; Revision Name                      ; main                                     ;
; Top-level Entity Name              ; main                                     ;
; Family                             ; Cyclone IV E                             ;
; Device                             ; EP4CE115F29C7                            ;
; Timing Models                      ; Final                                    ;
; Met timing requirements            ; N/A                                      ;
; Total logic elements               ; 298 / 114,480 ( < 1 % )                  ;
;     Total combinational functions  ; 276 / 114,480 ( < 1 % )                  ;
;     Dedicated logic registers      ; 160 / 114,480 ( < 1 % )                  ;
; Total registers                    ; 160                                      ;
; Total pins                         ; 3 / 529 ( < 1 % )                        ;
; Total virtual pins                 ; 0                                        ;
; Total memory bits                  ; 0 / 3,981,312 ( 0 % )                    ;
; Embedded Multiplier 9-bit elements ; 0 / 532 ( 0 % )                          ;
; Total PLLs                         ; 1 / 4 ( 25 % )                           ;
+------------------------------------+------------------------------------------+


+-----------------------------------------+
; Flow Settings                           ;
+-------------------+---------------------+
; Option            ; Setting             ;
+-------------------+---------------------+
; Start date & time ; 10/27/2013 21:30:04 ;
; Main task         ; Compilation         ;
; Revision Name     ; main                ;
+-------------------+---------------------+


+----------------------------------------------------------------------------------------------------------------------------------+
; Flow Non-Default Global Settings                                                                                                 ;
+-------------------------------------+---------------------------------------------+---------------+-------------+----------------+
; Assignment Name                     ; Value                                       ; Default Value ; Entity Name ; Section Id     ;
+-------------------------------------+---------------------------------------------+---------------+-------------+----------------+
; COMPILER_SIGNATURE_ID               ; 264705677373432.138289680403544             ; --            ; --          ; --             ;
; FITTER_EFFORT                       ; Standard Fit                                ; Auto Fit      ; --          ; --             ;
; IP_TOOL_NAME                        ; ALTPLL                                      ; --            ; --          ; --             ;
; IP_TOOL_VERSION                     ; 10.0                                        ; --            ; --          ; --             ;
; MAX_CORE_JUNCTION_TEMP              ; 85                                          ; --            ; --          ; --             ;
; MIN_CORE_JUNCTION_TEMP              ; 0                                           ; --            ; --          ; --             ;
; MISC_FILE                           ; D:/altera/project/fpga_competition/main.dpf ; --            ; --          ; --             ;
; MISC_FILE                           ; pll_inst.vhd                                ; --            ; --          ; --             ;
; MISC_FILE                           ; pll.cmp                                     ; --            ; --          ; --             ;
; MISC_FILE                           ; pll.ppf                                     ; --            ; --          ; --             ;
; OPTIMIZE_MULTI_CORNER_TIMING        ; On                                          ; Off           ; --          ; --             ;
; PARTITION_COLOR                     ; 16764057                                    ; --            ; --          ; Top            ;
; PARTITION_FITTER_PRESERVATION_LEVEL ; PLACEMENT_AND_ROUTING                       ; --            ; --          ; Top            ;
; PARTITION_NETLIST_TYPE              ; SOURCE                                      ; --            ; --          ; Top            ;
; POWER_BOARD_THERMAL_MODEL           ; None (CONSERVATIVE)                         ; --            ; --          ; --             ;
; POWER_PRESET_COOLING_SOLUTION       ; 23 MM HEAT SINK WITH 200 LFPM AIRFLOW       ; --            ; --          ; --             ;
; ROUTER_CLOCKING_TOPOLOGY_ANALYSIS   ; On                                          ; Off           ; --          ; --             ;
; STATE_MACHINE_PROCESSING            ; User-Encoded                                ; Auto          ; --          ; --             ;
; TIMEQUEST_DO_CCPP_REMOVAL           ; Off                                         ; On            ; --          ; --             ;
; USE_GENERATED_PHYSICAL_CONSTRAINTS  ; Off                                         ; --            ; --          ; eda_blast_fpga ;
; VERILOG_INPUT_VERSION               ; SystemVerilog_2005                          ; Verilog_2001  ; --          ; --             ;
; VERILOG_SHOW_LMF_MAPPING_MESSAGES   ; Off                                         ; --            ; --          ; --             ;
+-------------------------------------+---------------------------------------------+---------------+-------------+----------------+


+-------------------------------------------------------------------------------------------------------------------------------+
; Flow Elapsed Time                                                                                                             ;
+---------------------------+--------------+-------------------------+---------------------+------------------------------------+
; Module Name               ; Elapsed Time ; Average Processors Used ; Peak Virtual Memory ; Total CPU Time (on all processors) ;
+---------------------------+--------------+-------------------------+---------------------+------------------------------------+
; Analysis & Synthesis      ; 00:00:28     ; 1.0                     ; 434 MB              ; 00:00:09                           ;
; Fitter                    ; 00:00:29     ; 1.0                     ; 461 MB              ; 00:00:21                           ;
; TimeQuest Timing Analyzer ; 00:00:24     ; 1.0                     ; 317 MB              ; 00:00:03                           ;
; Assembler                 ; 00:00:26     ; 1.0                     ; 466 MB              ; 00:00:07                           ;
; Total                     ; 00:01:47     ; --                      ; --                  ; 00:00:40                           ;
+---------------------------+--------------+-------------------------+---------------------+------------------------------------+


+--------------------------------------------------------------------------------------------+
; Flow OS Summary                                                                            ;
+---------------------------+------------------+---------------+------------+----------------+
; Module Name               ; Machine Hostname ; OS Name       ; OS Version ; Processor type ;
+---------------------------+------------------+---------------+------------+----------------+
; Analysis & Synthesis      ; fayazi-VAIO      ; Windows Vista ; 6.1        ; x86_64         ;
; Fitter                    ; fayazi-VAIO      ; Windows Vista ; 6.1        ; x86_64         ;
; TimeQuest Timing Analyzer ; fayazi-VAIO      ; Windows Vista ; 6.1        ; x86_64         ;
; Assembler                 ; fayazi-VAIO      ; Windows Vista ; 6.1        ; x86_64         ;
+---------------------------+------------------+---------------+------------+----------------+


------------
; Flow Log ;
------------
quartus_map --read_settings_files=on --write_settings_files=off main -c main
quartus_fit --read_settings_files=off --write_settings_files=off main -c main
quartus_sta main -c main
quartus_asm --read_settings_files=off --write_settings_files=off main -c main



