------------------------------------------------------------
TimeQuest Timing Analyzer Summary
------------------------------------------------------------

Type  : Slow 1200mV 85C Model Setup 'pll_inst|altpll_component|auto_generated|pll1|clk[0]'
Slack : -11.815
TNS   : -3524.778

Type  : Slow 1200mV 85C Model Setup 'clock'
Slack : 5.921
TNS   : 0.000

Type  : Slow 1200mV 85C Model Hold 'clock'
Slack : -0.287
TNS   : -0.287

Type  : Slow 1200mV 85C Model Hold 'pll_inst|altpll_component|auto_generated|pll1|clk[0]'
Slack : -0.025
TNS   : -1.183

Type  : Slow 1200mV 85C Model Minimum Pulse Width 'clock'
Slack : 9.529
TNS   : 0.000

Type  : Slow 1200mV 85C Model Minimum Pulse Width 'pll_inst|altpll_component|auto_generated|pll1|clk[0]'
Slack : 49999.193
TNS   : 0.000

Type  : Slow 1200mV 0C Model Setup 'pll_inst|altpll_component|auto_generated|pll1|clk[0]'
Slack : -9.251
TNS   : -2500.342

Type  : Slow 1200mV 0C Model Setup 'clock'
Slack : 6.765
TNS   : 0.000

Type  : Slow 1200mV 0C Model Hold 'clock'
Slack : -0.200
TNS   : -0.200

Type  : Slow 1200mV 0C Model Hold 'pll_inst|altpll_component|auto_generated|pll1|clk[0]'
Slack : -0.026
TNS   : -1.233

Type  : Slow 1200mV 0C Model Minimum Pulse Width 'clock'
Slack : 9.541
TNS   : 0.000

Type  : Slow 1200mV 0C Model Minimum Pulse Width 'pll_inst|altpll_component|auto_generated|pll1|clk[0]'
Slack : 49999.245
TNS   : 0.000

Type  : Fast 1200mV 0C Model Setup 'pll_inst|altpll_component|auto_generated|pll1|clk[0]'
Slack : 3.793
TNS   : 0.000

Type  : Fast 1200mV 0C Model Setup 'clock'
Slack : 12.026
TNS   : 0.000

Type  : Fast 1200mV 0C Model Hold 'clock'
Slack : -0.400
TNS   : -0.715

Type  : Fast 1200mV 0C Model Hold 'pll_inst|altpll_component|auto_generated|pll1|clk[0]'
Slack : -0.056
TNS   : -2.771

Type  : Fast 1200mV 0C Model Minimum Pulse Width 'clock'
Slack : 9.173
TNS   : 0.000

Type  : Fast 1200mV 0C Model Minimum Pulse Width 'pll_inst|altpll_component|auto_generated|pll1|clk[0]'
Slack : 49999.521
TNS   : 0.000

------------------------------------------------------------
